Egors-MacBook-Air:1 egor$ 
Egors-MacBook-Air:1 egor$ 
Egors-MacBook-Air:1 egor$ git init --bare
Initialized empty Git repository in /private/tmp/1/
Egors-MacBook-Air:1 egor$ ls
HEAD		config		hooks		objects
branches	description	info		refs
Egors-MacBook-Air:1 egor$ cd ..
Egors-MacBook-Air:tmp egor$ mkdir 
usage: mkdir [-pv] [-m mode] directory ...
Egors-MacBook-Air:tmp egor$ mkdir 2
Egors-MacBook-Air:tmp egor$ cd 2
Egors-MacBook-Air:2 egor$ git init .
Initialized empty Git repository in /private/tmp/2/.git/
Egors-MacBook-Air:2 egor$ git remote add origin `pwd`/../1
Egors-MacBook-Air:2 egor$ touch 1.txt
Egors-MacBook-Air:2 egor$ git add -A
Egors-MacBook-Air:2 egor$ git commit -am "123"
[master (root-commit) 58384b8] 123
 1 file changed, 0 insertions(+), 0 deletions(-)
 create mode 100644 1.txt
Egors-MacBook-Air:2 egor$ git push origin master
Counting objects: 3, done.
Writing objects: 100% (3/3), 203 bytes | 203.00 KiB/s, done.
Total 3 (delta 0), reused 0 (delta 0)
To /tmp/2/../1
 * [new branch]      master -> master
Egors-MacBook-Air:2 egor$ cd ..
Egors-MacBook-Air:tmp egor$ cp -r 1 3
Egors-MacBook-Air:tmp egor$ ls
1				com.apple.launchd.jKZYwD0Dhp
2				com.apple.launchd.kh4ROVLDLF
3				powerlog
com.apple.launchd.1m9OFNyjUr
Egors-MacBook-Air:tmp egor$ cd 2
Egors-MacBook-Air:2 egor$ vi .git/config 
Egors-MacBook-Air:2 egor$ touch 2.txt
Egors-MacBook-Air:2 egor$ git add -A
Egors-MacBook-Air:2 egor$ git commit -am "123"
[master 9dcdd92] 123
 1 file changed, 0 insertions(+), 0 deletions(-)
 create mode 100644 2.txt
Egors-MacBook-Air:2 egor$ git push origin master
Counting objects: 2, done.
Delta compression using up to 4 threads.
Compressing objects: 100% (2/2), done.
Writing objects: 100% (2/2), 230 bytes | 230.00 KiB/s, done.
Total 2 (delta 0), reused 0 (delta 0)
To /tmp/2/../1
   58384b8..9dcdd92  master -> master
Counting objects: 2, done.
Delta compression using up to 4 threads.
Compressing objects: 100% (2/2), done.
Writing objects: 100% (2/2), 230 bytes | 230.00 KiB/s, done.
Total 2 (delta 0), reused 0 (delta 0)
To /tmp/3
   58384b8..9dcdd92  master -> master
Egors-MacBook-Air:2 egor$ 
